CONNECT /*
CONNECT /api/plugins/{id}/proxy/*
DELETE /*
DELETE /api/agents/working-folders
DELETE /api/agents/{pid}
DELETE /api/agents/{pid}/channel
DELETE /api/grants/{id}
DELETE /api/me
DELETE /api/memory/entries/{id}
DELETE /api/plugins/{id}/proxy/*
DELETE /api/projects/{id}
DELETE /api/projects/{id}/folders/{folderId}
DELETE /api/remotes/{id}
DELETE /api/settings/api-keys/{id}
DELETE /api/settings/permission-presets
DELETE /api/settings/system-prompts/{id}
DELETE /api/spawners/{id}
DELETE /api/tasks/{id}
DELETE /api/tasks/{id}/dependencies/{depId}
DELETE /api/tasks/{id}/permissions/{permID}
DELETE /api/tasks/{id}/worktree
GET /*
GET /api/agents
GET /api/agents/projectless
GET /api/agents/spawn/{pid}/status
GET /api/agents/stream
GET /api/agents/working-folders
GET /api/agents/{pid}/terminal
GET /api/agents/{sessionId}/output
GET /api/analytics/cost-forecast
GET /api/analytics/heatmap
GET /api/analytics/patterns
GET /api/audit
GET /api/auth/callback
GET /api/auth/github
GET /api/auth/login
GET /api/capabilities
GET /api/config
GET /api/config/commands
GET /api/config/context-files
GET /api/config/file
GET /api/config/memory
GET /api/config/skills
GET /api/cost/summary
GET /api/github/search
GET /api/github/summary
GET /api/grants
GET /api/history/import/status
GET /api/hooks/pending
GET /api/me
GET /api/memory/entries
GET /api/memory/injections
GET /api/memory/spaces
GET /api/notifications/config
GET /api/notifications/preferences
GET /api/pipeline/config
GET /api/pipeline/recommendation
GET /api/plugins
GET /api/plugins/{id}/proxy/*
GET /api/plugins/{id}/settings
GET /api/projects
GET /api/projects/stream
GET /api/projects/{id}
GET /api/projects/{id}/folders
GET /api/projects/{id}/folders/suggest
GET /api/projects/{id}/pipeline-config
GET /api/refine/{taskId}/status
GET /api/refine/{taskId}/turns
GET /api/remotes
GET /api/resources
GET /api/search
GET /api/sessions
GET /api/settings/api-keys
GET /api/settings/permission-presets
GET /api/settings/system-prompts
GET /api/settings/webhook-hmac
GET /api/settings/webpush/vapid
GET /api/slash-commands
GET /api/spawners
GET /api/spawners/stream
GET /api/spawners/{id}
GET /api/system
GET /api/system/config
GET /api/system/health
GET /api/system/system
GET /api/tasks
GET /api/tasks/export
GET /api/tasks/stream
GET /api/tasks/{id}
GET /api/tasks/{id}/audit
GET /api/tasks/{id}/cost-breakdown
GET /api/tasks/{id}/dependencies
GET /api/tasks/{id}/dependents
GET /api/tasks/{id}/feedback
GET /api/tasks/{id}/git-status
GET /api/tasks/{id}/permission-requests
GET /api/tasks/{id}/permissions
GET /api/tasks/{id}/stage-runs
GET /api/tasks/{id}/stage-runs/{runId}/agent-output
GET /api/tasks/{id}/worktree
GET /api/visualizations/co-occurrence
GET /api/visualizations/dag
GET /api/visualizations/sankey
GET /api/visualizations/spawn-tree
HEAD /*
HEAD /api/plugins/{id}/proxy/*
OPTIONS /*
OPTIONS /api/plugins/{id}/proxy/*
PATCH /*
PATCH /api/memory/entries/{id}
PATCH /api/plugins/{id}/proxy/*
PATCH /api/projects/{id}
PATCH /api/projects/{id}/folders/{folderId}
PATCH /api/spawners/{id}
PATCH /api/tasks/{id}
POST /*
POST /api/agents/projectless/preview
POST /api/agents/projectless/workspaces
POST /api/agents/spawn
POST /api/agents/spawn/preflight
POST /api/agents/spawn/{pid}/folder-trust
POST /api/agents/working-folders
POST /api/agents/{pid}/answer-question
POST /api/agents/{pid}/message
POST /api/agents/{pid}/stop
POST /api/agents/{pid}/upload-image
POST /api/analytics/patterns/refresh
POST /api/auth/logout
POST /api/auth/session
POST /api/github/comment
POST /api/github/merge
POST /api/grants
POST /api/history/import
POST /api/hooks/event
POST /api/hooks/notification
POST /api/hooks/permission
POST /api/hooks/pre-tool
POST /api/hooks/respond
POST /api/memory/entries
POST /api/memory/spaces
POST /api/obsidian/index
POST /api/permission-requests
POST /api/permission-requests/bulk
POST /api/permission-requests/bulk-resolve
POST /api/plugins/{id}/proxy/*
POST /api/plugins/{id}/{action}
POST /api/projects
POST /api/projects/{id}/folders
POST /api/refine/{taskId}/concept
POST /api/refine/{taskId}/confirm
POST /api/refine/{taskId}/turn
POST /api/remotes
POST /api/settings/api-keys
POST /api/settings/api-keys/{id}/regenerate
POST /api/settings/system-prompts
POST /api/settings/webhook-hmac
POST /api/settings/webpush/subscribe
POST /api/settings/webpush/vapid
POST /api/spawners
POST /api/spawners/{id}/default
POST /api/tasks
POST /api/tasks/{id}/advance
POST /api/tasks/{id}/analyze
POST /api/tasks/{id}/approve-all-pending
POST /api/tasks/{id}/cancel
POST /api/tasks/{id}/dependencies
POST /api/tasks/{id}/git-action
POST /api/tasks/{id}/hold
POST /api/tasks/{id}/permission-requests/{reqID}/resolve
POST /api/tasks/{id}/permissions
POST /api/tasks/{id}/permissions/bulk
POST /api/tasks/{id}/progress
POST /api/tasks/{id}/rank
POST /api/tasks/{id}/resume
POST /api/tasks/{id}/resume-stage
POST /api/tasks/{id}/retry
POST /api/tasks/{id}/run
POST /api/tasks/{id}/worktree
PUT /*
PUT /api/agents/projectless
PUT /api/config/file
PUT /api/notifications/config
PUT /api/notifications/preferences/{eventType}
PUT /api/pipeline/config
PUT /api/plugins/{id}/proxy/*
PUT /api/plugins/{id}/settings
PUT /api/projects/{id}/pipeline-config
PUT /api/settings/system-prompts/{id}
QUERY /*
QUERY /api/plugins/{id}/proxy/*
TRACE /*
TRACE /api/plugins/{id}/proxy/*
